exp-18 — contention on one merchant, with and without the retry chain
date: 2026-09-25-210657
client: franz-go v1.22.0
lock wait before a payment counts as contended: 2s (postgres.lockWait); tiers 3s / 6s / 12s
hold in cells A and B: 30s; budget per cell: 3m

== cell A: no chain ==
payments: 600, of them 6 for the locked merchant
first payment counted at: +20ms (the group joining and fetching, before any payment is handled)
healthy payments counted: 594 of 594, the last at +30.45s
healthy payments counted while the merchant was still locked: 305 of 594
contended payments counted: 6 of 6, the last at +30.3s
lock released at: +30s
consumer restarts: 13
inbox rows: 600, merchants' totals: 600 — every counted payment counted once
drained

== cell B: the chain, lock released after 30s ==
payments: 600, of them 6 for the locked merchant
first payment counted at: +20ms (the group joining and fetching, before any payment is handled)
healthy payments counted: 594 of 594, the last at +16.95s
healthy payments counted while the merchant was still locked: 594 of 594
contended payments counted: 6 of 6, the last at +38.52s
lock released at: +30s
consumer restarts: 0
copies into exp18.b.retry.3s: 6
copies into exp18.b.retry.6s: 6
copies into exp18.b.retry.12s: 3
copies into exp18.b.dlq: 0
inbox rows: 600, merchants' totals: 600 — every counted payment counted once
drained

== cell C: the chain, lock held until every contended payment is archived, then replayed ==
payments: 600, of them 6 for the locked merchant
first payment counted at: +30ms (the group joining and fetching, before any payment is handled)
healthy payments counted: 594 of 594, the last at +18.69s
healthy payments counted while the merchant was still locked: 594 of 594
contended payments counted: 6 of 6, the last at +55.88s
lock released at: +52.81s
consumer restarts: 0
copies into exp18.c.retry.3s: 12
copies into exp18.c.retry.6s: 6
copies into exp18.c.retry.12s: 6
copies into exp18.c.dlq: 6
replayed: 6 dead letters (0 of other classes skipped), finished at +52.86s
inbox rows: 600, merchants' totals: 600 — every counted payment counted once
drained
