exp-11 — a record nobody can decode, with and without a dead letter topic
date: 2026-09-25-014440
client: franz-go v1.22.0
records: 100 good, one undecodable after 10 of them; budget per cell: 30s

== cell A: no dead letter route ==
produced 100 good records with one undecodable record after 10 of them
dead letter route: none
records in the topic: 101 (100 good, 1 undecodable after 10 of them)
payments counted: 10 of 100
records archived: 0
offsets committed: 10, still to read: 91
consumer restarts: 124
never drained; gave up after 30.004s

== cell B: the same records, archived to a dead letter topic ==
produced 100 good records with one undecodable record after 10 of them
dead letter route: exp11.archived.dlq
records in the topic: 101 (100 good, 1 undecodable after 10 of them)
payments counted: 100 of 100
records archived: 1
offsets committed: 101, still to read: 0
consumer restarts: 0
drained in 207ms
