exp-05/06/07 — delivery semantics under a killed consumer
date: 2026-09-21-175334
client: franz-go v1.22.0
payments: 1000, consumer killed after handling 500

time="2026-09-21 17:53:39" level=info msg="Processing topic exp05.payments in config experiments/transaction_guarantee/exp-05-delivery-semantics/topics/exp05.payments.yaml with cluster config deploy/topicctl/cluster.yaml"
time="2026-09-21 17:53:39" level=info msg="Starting apply for topic exp05.payments in environment lab, cluster kafka-lab"
time="2026-09-21 17:53:39" level=info msg="Validating configs..."
time="2026-09-21 17:53:39" level=info msg="Checking if topic already exists..."
time="2026-09-21 17:53:39" level=info msg="It looks like this topic doesn't already exist. Will create it with this config:
{
  "Topic": "exp05.payments",
  "NumPartitions": 3,
  "ReplicationFactor": 3,
  "ReplicaAssignments": null,
  "ConfigEntries": [
    {
      "ConfigName": "min.insync.replicas",
      "ConfigValue": "2"
    },
    {
      "ConfigName": "unclean.leader.election.enable",
      "ConfigValue": "false"
    },
    {
      "ConfigName": "retention.ms",
      "ConfigValue": "3600000"
    }
  ]
}"
time="2026-09-21 17:53:39" level=info msg="Automatically answering yes because skip is set to true"
time="2026-09-21 17:53:39" level=info msg="Creating new topic with config {Topic:exp05.payments NumPartitions:3 ReplicationFactor:3 ReplicaAssignments:[] ConfigEntries:[{ConfigName:min.insync.replicas ConfigValue:2} {ConfigName:unclean.leader.election.enable ConfigValue:false} {ConfigName:retention.ms ConfigValue:3600000}]}"
time="2026-09-21 17:53:39" level=info msg="Sleeping for 2s"
time="2026-09-21 17:53:41" level=info msg="Checking partition placement..."
time="2026-09-21 17:53:41" level=info msg="Partition placement already satisfies strategy 'any'"
time="2026-09-21 17:53:41" level=info msg="Checking leaders..."
time="2026-09-21 17:53:41" level=info msg="Apply completed successfully!"
2026/09/21 17:53:42 WARN exp-05: killing this consumer mode=at-most-once handled=501
experiments/transaction_guarantee/exp-05-delivery-semantics/run.sh: line 34: 15831 Killed: 9               "$binary" -mode "$mode" -run-id "$run_id" -payments "$payments" "$@"
at-most-once  produced 1000, rows 951, distinct 951
  lost        49
  duplicated  0
  outcome     payments lost — as expected

time="2026-09-21 17:54:30" level=info msg="Processing topic exp05.payments in config experiments/transaction_guarantee/exp-05-delivery-semantics/topics/exp05.payments.yaml with cluster config deploy/topicctl/cluster.yaml"
time="2026-09-21 17:54:30" level=info msg="Starting apply for topic exp05.payments in environment lab, cluster kafka-lab"
time="2026-09-21 17:54:30" level=info msg="Validating configs..."
time="2026-09-21 17:54:30" level=info msg="Checking if topic already exists..."
time="2026-09-21 17:54:30" level=info msg="It looks like this topic doesn't already exist. Will create it with this config:
{
  "Topic": "exp05.payments",
  "NumPartitions": 3,
  "ReplicationFactor": 3,
  "ReplicaAssignments": null,
  "ConfigEntries": [
    {
      "ConfigName": "min.insync.replicas",
      "ConfigValue": "2"
    },
    {
      "ConfigName": "unclean.leader.election.enable",
      "ConfigValue": "false"
    },
    {
      "ConfigName": "retention.ms",
      "ConfigValue": "3600000"
    }
  ]
}"
time="2026-09-21 17:54:30" level=info msg="Automatically answering yes because skip is set to true"
time="2026-09-21 17:54:30" level=info msg="Creating new topic with config {Topic:exp05.payments NumPartitions:3 ReplicationFactor:3 ReplicaAssignments:[] ConfigEntries:[{ConfigName:min.insync.replicas ConfigValue:2} {ConfigName:unclean.leader.election.enable ConfigValue:false} {ConfigName:retention.ms ConfigValue:3600000}]}"
time="2026-09-21 17:54:30" level=info msg="Sleeping for 2s"
time="2026-09-21 17:54:32" level=info msg="Checking partition placement..."
time="2026-09-21 17:54:32" level=info msg="Partition placement already satisfies strategy 'any'"
time="2026-09-21 17:54:32" level=info msg="Checking leaders..."
time="2026-09-21 17:54:32" level=info msg="Apply completed successfully!"
2026/09/21 17:54:33 WARN exp-05: killing this consumer mode=at-least-once handled=500
experiments/transaction_guarantee/exp-05-delivery-semantics/run.sh: line 34: 16296 Killed: 9               "$binary" -mode "$mode" -run-id "$run_id" -payments "$payments" "$@"
at-least-once  produced 1000, rows 1050, distinct 1000
  lost         0
  duplicated   50
  outcome      payments duplicated — as expected

time="2026-09-21 17:55:21" level=info msg="Processing topic exp05.payments in config experiments/transaction_guarantee/exp-05-delivery-semantics/topics/exp05.payments.yaml with cluster config deploy/topicctl/cluster.yaml"
time="2026-09-21 17:55:21" level=info msg="Starting apply for topic exp05.payments in environment lab, cluster kafka-lab"
time="2026-09-21 17:55:21" level=info msg="Validating configs..."
time="2026-09-21 17:55:21" level=info msg="Checking if topic already exists..."
time="2026-09-21 17:55:21" level=info msg="It looks like this topic doesn't already exist. Will create it with this config:
{
  "Topic": "exp05.payments",
  "NumPartitions": 3,
  "ReplicationFactor": 3,
  "ReplicaAssignments": null,
  "ConfigEntries": [
    {
      "ConfigName": "min.insync.replicas",
      "ConfigValue": "2"
    },
    {
      "ConfigName": "unclean.leader.election.enable",
      "ConfigValue": "false"
    },
    {
      "ConfigName": "retention.ms",
      "ConfigValue": "3600000"
    }
  ]
}"
time="2026-09-21 17:55:21" level=info msg="Automatically answering yes because skip is set to true"
time="2026-09-21 17:55:21" level=info msg="Creating new topic with config {Topic:exp05.payments NumPartitions:3 ReplicationFactor:3 ReplicaAssignments:[] ConfigEntries:[{ConfigName:min.insync.replicas ConfigValue:2} {ConfigName:unclean.leader.election.enable ConfigValue:false} {ConfigName:retention.ms ConfigValue:3600000}]}"
time="2026-09-21 17:55:21" level=info msg="Sleeping for 2s"
time="2026-09-21 17:55:23" level=info msg="Checking partition placement..."
time="2026-09-21 17:55:23" level=info msg="Partition placement already satisfies strategy 'any'"
time="2026-09-21 17:55:23" level=info msg="Checking leaders..."
time="2026-09-21 17:55:23" level=info msg="Apply completed successfully!"
2026/09/21 17:55:24 WARN exp-05: killing this consumer mode=inbox handled=500
experiments/transaction_guarantee/exp-05-delivery-semantics/run.sh: line 34: 16803 Killed: 9               "$binary" -mode "$mode" -run-id "$run_id" -payments "$payments" "$@"
inbox         produced 1000, rows 1000, distinct 1000
  lost        0
  duplicated  0
  outcome     every payment exactly once — as expected

