exp-05/06/07 — delivery semantics under a killed consumer
date: 2026-09-21-174954
client: franz-go v1.22.0
payments: 1000, consumer killed after handling 500

time="2026-09-21 17:49:57" level=info msg="Processing topic exp05.payments in config experiments/transaction_guarantee/exp-05-delivery-semantics/topics/exp05.payments.yaml with cluster config deploy/topicctl/cluster.yaml"
time="2026-09-21 17:49:57" level=info msg="Starting apply for topic exp05.payments in environment lab, cluster kafka-lab"
time="2026-09-21 17:49:57" level=info msg="Validating configs..."
time="2026-09-21 17:49:57" level=info msg="Checking if topic already exists..."
time="2026-09-21 17:49:57" level=info msg="It looks like this topic doesn't already exist. Will create it with this config:
{
  "Topic": "exp05.payments",
  "NumPartitions": 3,
  "ReplicationFactor": 3,
  "ReplicaAssignments": null,
  "ConfigEntries": [
    {
      "ConfigName": "min.insync.replicas",
      "ConfigValue": "2"
    },
    {
      "ConfigName": "unclean.leader.election.enable",
      "ConfigValue": "false"
    },
    {
      "ConfigName": "retention.ms",
      "ConfigValue": "3600000"
    }
  ]
}"
time="2026-09-21 17:49:57" level=info msg="Automatically answering yes because skip is set to true"
time="2026-09-21 17:49:57" level=info msg="Creating new topic with config {Topic:exp05.payments NumPartitions:3 ReplicationFactor:3 ReplicaAssignments:[] ConfigEntries:[{ConfigName:min.insync.replicas ConfigValue:2} {ConfigName:unclean.leader.election.enable ConfigValue:false} {ConfigName:retention.ms ConfigValue:3600000}]}"
time="2026-09-21 17:49:58" level=info msg="Sleeping for 2s"
time="2026-09-21 17:50:00" level=info msg="Checking partition placement..."
time="2026-09-21 17:50:00" level=info msg="Partition placement already satisfies strategy 'any'"
time="2026-09-21 17:50:00" level=info msg="Checking leaders..."
time="2026-09-21 17:50:00" level=info msg="Apply completed successfully!"
2026/09/21 17:50:00 WARN exp-05: killing this consumer mode=at-most-once handled=500
experiments/transaction_guarantee/exp-05-delivery-semantics/run.sh: line 34: 13282 Killed: 9               "$binary" -mode "$mode" -run-id "$run_id" -payments "$payments" "$@"
at-most-once  produced 1000, rows 1000, distinct 1000
  lost        0
  duplicated  0
  outcome     every payment exactly once — EXPECTED "payments lost" — this run did not demonstrate what it exists to demonstrate

time="2026-09-21 17:50:49" level=info msg="Processing topic exp05.payments in config experiments/transaction_guarantee/exp-05-delivery-semantics/topics/exp05.payments.yaml with cluster config deploy/topicctl/cluster.yaml"
time="2026-09-21 17:50:49" level=info msg="Starting apply for topic exp05.payments in environment lab, cluster kafka-lab"
time="2026-09-21 17:50:49" level=info msg="Validating configs..."
time="2026-09-21 17:50:49" level=info msg="Checking if topic already exists..."
time="2026-09-21 17:50:49" level=info msg="It looks like this topic doesn't already exist. Will create it with this config:
{
  "Topic": "exp05.payments",
  "NumPartitions": 3,
  "ReplicationFactor": 3,
  "ReplicaAssignments": null,
  "ConfigEntries": [
    {
      "ConfigName": "min.insync.replicas",
      "ConfigValue": "2"
    },
    {
      "ConfigName": "unclean.leader.election.enable",
      "ConfigValue": "false"
    },
    {
      "ConfigName": "retention.ms",
      "ConfigValue": "3600000"
    }
  ]
}"
time="2026-09-21 17:50:49" level=info msg="Automatically answering yes because skip is set to true"
time="2026-09-21 17:50:49" level=info msg="Creating new topic with config {Topic:exp05.payments NumPartitions:3 ReplicationFactor:3 ReplicaAssignments:[] ConfigEntries:[{ConfigName:min.insync.replicas ConfigValue:2} {ConfigName:unclean.leader.election.enable ConfigValue:false} {ConfigName:retention.ms ConfigValue:3600000}]}"
time="2026-09-21 17:50:49" level=info msg="Sleeping for 2s"
time="2026-09-21 17:50:51" level=info msg="Checking partition placement..."
time="2026-09-21 17:50:51" level=info msg="Partition placement already satisfies strategy 'any'"
time="2026-09-21 17:50:51" level=info msg="Checking leaders..."
time="2026-09-21 17:50:51" level=info msg="Apply completed successfully!"
2026/09/21 17:50:51 WARN exp-05: killing this consumer mode=at-least-once handled=500
experiments/transaction_guarantee/exp-05-delivery-semantics/run.sh: line 34: 13758 Killed: 9               "$binary" -mode "$mode" -run-id "$run_id" -payments "$payments" "$@"
at-least-once  produced 1000, rows 1050, distinct 1000
  lost         0
  duplicated   50
  outcome      payments duplicated — as expected

time="2026-09-21 17:51:40" level=info msg="Processing topic exp05.payments in config experiments/transaction_guarantee/exp-05-delivery-semantics/topics/exp05.payments.yaml with cluster config deploy/topicctl/cluster.yaml"
time="2026-09-21 17:51:40" level=info msg="Starting apply for topic exp05.payments in environment lab, cluster kafka-lab"
time="2026-09-21 17:51:40" level=info msg="Validating configs..."
time="2026-09-21 17:51:40" level=info msg="Checking if topic already exists..."
time="2026-09-21 17:51:40" level=info msg="It looks like this topic doesn't already exist. Will create it with this config:
{
  "Topic": "exp05.payments",
  "NumPartitions": 3,
  "ReplicationFactor": 3,
  "ReplicaAssignments": null,
  "ConfigEntries": [
    {
      "ConfigName": "min.insync.replicas",
      "ConfigValue": "2"
    },
    {
      "ConfigName": "unclean.leader.election.enable",
      "ConfigValue": "false"
    },
    {
      "ConfigName": "retention.ms",
      "ConfigValue": "3600000"
    }
  ]
}"
time="2026-09-21 17:51:40" level=info msg="Automatically answering yes because skip is set to true"
time="2026-09-21 17:51:40" level=info msg="Creating new topic with config {Topic:exp05.payments NumPartitions:3 ReplicationFactor:3 ReplicaAssignments:[] ConfigEntries:[{ConfigName:min.insync.replicas ConfigValue:2} {ConfigName:unclean.leader.election.enable ConfigValue:false} {ConfigName:retention.ms ConfigValue:3600000}]}"
time="2026-09-21 17:51:40" level=info msg="Sleeping for 2s"
time="2026-09-21 17:51:42" level=info msg="Checking partition placement..."
time="2026-09-21 17:51:42" level=info msg="Partition placement already satisfies strategy 'any'"
time="2026-09-21 17:51:42" level=info msg="Checking leaders..."
time="2026-09-21 17:51:42" level=info msg="Apply completed successfully!"
2026/09/21 17:51:43 WARN exp-05: killing this consumer mode=inbox handled=500
experiments/transaction_guarantee/exp-05-delivery-semantics/run.sh: line 34: 14270 Killed: 9               "$binary" -mode "$mode" -run-id "$run_id" -payments "$payments" "$@"
inbox         produced 1000, rows 1000, distinct 1000
  lost        0
  duplicated  0
  outcome     every payment exactly once — as expected

