exp-13 — a broker outage under load: does the front door keep answering, and what piles up
date: 2026-09-26-171149
load: 10 payments/s for 90s; brokers killed at 20s for 30s

== cell A: one broker down — still above min.insync.replicas ==
phase                    seconds        accepted    refused  backlog (max)   under-repl  no leader
before the kill          0–20                202          0              1            0          0
brokers 1 down           20–50               301          0            100            3          0
after they came back     50–90               396          0              1            3          0

peak backlog: 100 records
backlog back to its pre-outage level (1 records) 100ms after the brokers came back
outbox drained 500ms after the run stopped taking payments
grafana window: from=1790431923000 to=1790432024000
dashboard, from Prometheus, every 5 s (a dash is a scrape that had no answer):
  t(s)       backlog  published/s    api 2xx/s   under-repl      brokers
     0           0.0            -            -          0.0          3.0
     5           5.0          0.9            -          0.0          3.0
    10           5.0          2.7          2.6          0.0          3.0
    15           4.0          4.3          4.2          0.0          3.0
    20           4.0          6.0          5.9          0.0          3.0
    25          25.0          6.9          7.6          0.0          3.0
    30          75.0          6.8          9.5          0.0          3.0
    35           5.0         10.0         10.0          1.0          3.0
    40           6.0         10.0         10.0          3.0          2.0
    45           4.0         10.0         10.0          3.0          2.0
    50           5.0         11.0         10.0          3.0          2.0
    55           5.0         13.0         10.0          3.0          2.0
    60           5.0         10.0         10.0          3.0          2.0
    65           5.0         10.0         10.0          3.0          2.0
    70           5.0         10.0         10.0          3.0          2.0
    75           5.0         10.0         10.0          3.0          2.0
    80           5.0         10.0         10.0          0.0          2.0
    85           5.0         10.0         10.0          0.0          3.0
    90           4.0         10.0         10.0          0.0          3.0
    95           0.0          9.0          8.6          0.0          3.0
   100           0.0          7.0          6.6          0.0          3.0

== cell B: two brokers down — below min.insync.replicas ==
phase                    seconds        accepted    refused  backlog (max)   under-repl  no leader
before the kill          0–20                204          0              4            0          0
brokers 1,2 down         20–51               303          0            308            0          0
after they came back     51–90               392          0            458            3          0

peak backlog: 458 records
backlog back to its pre-outage level (4 records) 17.3s after the brokers came back
outbox drained 500ms after the run stopped taking payments
grafana window: from=1790432031000 to=1790432131000
dashboard, from Prometheus, every 5 s (a dash is a scrape that had no answer):
  t(s)       backlog  published/s    api 2xx/s   under-repl      brokers
     0             -          4.9          4.7          0.0          3.0
     5           5.0          3.0          3.1          0.0          3.0
    10           5.0          3.3          3.1          0.0          3.0
    15           5.0          4.2          4.5          0.0          3.0
    20           5.0          6.2          6.5          0.0          3.0
    25          10.0          7.8          8.2          0.0          3.0
    30          60.0          7.5          9.8          0.0          3.0
    35         110.0          5.6         10.0          0.0          3.0
    40         160.0          3.6         10.0          0.0          3.0
    45         210.0          1.6         10.0          0.0          3.0
    50         260.0          0.0         10.0          0.0          3.0
    55         310.0          0.0         10.0          0.0          3.0
    60         360.0          0.0         10.0          1.0          3.0
    65         410.0          0.0         10.0          0.0          3.0
    70         460.0          0.0         10.0          0.0          3.0
    75           5.0         20.4         10.0          0.0          3.0
    80           5.0         22.4         10.0          0.0          3.0
    85           5.0         24.4         10.0          0.0          3.0
    90           5.0         26.4         10.0          0.0          3.0
    95           0.0         28.1          9.4          0.0          3.0
   100           0.0          7.7          7.4          0.0          3.0

