exp-14b — a member leaves, membership: dynamic, then: gone
date: 2026-09-24-170703
client: franz-go v1.22.0

strategy                 cooperative: CooperativeStickyBalancer, classic protocol, only moving partitions revoked
group                    exp14-cooperative-1790258830567452000
load                     1200 records/s over 6 partitions
handler                  0s a record, franz-go's default: rebalances run beside the handler
membership               dynamic, session timeout 12s
second consumer left at  25s

assignment changes after the first
  25.01s  B revoked [3 4 5]
  25.58s  A revoked []
  25.58s  A assigned [3 4 5]
  45s     A revoked [0 1 2 3 4 5]

partition  longest gap, 10s before the join  longest gap, from 2s before to 15s after
  0        31ms                              42ms
  1        34ms                              41ms
  2        31ms                              44ms
  3        41ms                              607ms
  4        44ms                              608ms
  5        44ms                              608ms

partitions stopped for more than 1s                0 of 6
longest time the whole group handled nothing       39ms
records handled twice                              0
records missed between the first and last handled  0
