exp-14b — a member leaves, membership: static, then: gone
date: 2026-09-24-171058
client: franz-go v1.22.0

strategy                 cooperative: CooperativeStickyBalancer, classic protocol, only moving partitions revoked
group                    exp14-cooperative-1790259165693875000
load                     1200 records/s over 6 partitions
handler                  0s a record, franz-go's default: rebalances run beside the handler
membership               static, group.instance.id per member, session timeout 12s
second consumer left at  25s

assignment changes after the first
  25s     B revoked [3 4 5]
  37.55s  A revoked []
  37.56s  A assigned [3 4 5]
  45s     A revoked [0 1 2 3 4 5]

partition  longest gap, 10s before the join  longest gap, from 2s before to 15s after
  0        38ms                              50ms
  1        36ms                              36ms
  2        38ms                              36ms
  3        41ms                              12.576s
  4        39ms                              12.578s
  5        42ms                              12.579s

partitions stopped for more than 1s                3 of 6
longest time the whole group handled nothing       36ms
records handled twice                              0
records missed between the first and last handled  0
