exp-14b — a member leaves, membership: static, then: gone
date: 2026-09-24-170703
client: franz-go v1.22.0

strategy                 cooperative: CooperativeStickyBalancer, classic protocol, only moving partitions revoked
group                    exp14-cooperative-1790258931334136000
load                     1200 records/s over 6 partitions
handler                  0s a record, franz-go's default: rebalances run beside the handler
membership               static, group.instance.id per member, session timeout 12s
second consumer left at  25s

assignment changes after the first
  25.01s  B revoked [3 4 5]
  37.58s  A revoked []
  37.59s  A assigned [3 4 5]
  45.01s  A revoked [0 1 2 3 4 5]

partition  longest gap, 10s before the join  longest gap, from 2s before to 15s after
  0        34ms                              36ms
  1        37ms                              36ms
  2        34ms                              36ms
  3        75ms                              12.606s
  4        71ms                              12.606s
  5        72ms                              12.602s

partitions stopped for more than 1s                3 of 6
longest time the whole group handled nothing       36ms
records handled twice                              0
records missed between the first and last handled  0
