exp-14b — a member leaves, membership: static, then: restart
date: 2026-09-24-170703
client: franz-go v1.22.0

strategy                 cooperative: CooperativeStickyBalancer, classic protocol, only moving partitions revoked
group                    exp14-cooperative-1790258981667173000
load                     1200 records/s over 6 partitions
handler                  0s a record, franz-go's default: rebalances run beside the handler
membership               static, group.instance.id per member, session timeout 12s
second consumer left at  25s

assignment changes after the first
  25s     B revoked [3 4 5]
  27.04s  B assigned [3 4 5]
  45s     A revoked [0 1 2]
  45.01s  B revoked [3 4 5]

partition  longest gap, 10s before the join  longest gap, from 2s before to 15s after
  0        27ms                              41ms
  1        42ms                              44ms
  2        45ms                              40ms
  3        58ms                              2.047s
  4        55ms                              2.046s
  5        58ms                              2.048s

partitions stopped for more than 1s                3 of 6
longest time the whole group handled nothing       39ms
records handled twice                              0
records missed between the first and last handled  0
