exp-14 — a second consumer joins, strategy: cooperative, handler: instant
date: 2026-09-22-021756
client: franz-go v1.22.0

strategy                   cooperative: CooperativeStickyBalancer, classic protocol, only moving partitions revoked
group                      exp14-cooperative-1790032724431232000
load                       1200 records/s over 6 partitions
handler                    0s a record, franz-go's default: rebalances run beside the handler
second consumer joined at  15s

assignment changes after the first
  15.53s  A revoked []
  15.54s  B assigned []
  15.54s  A revoked [3 4 5]
  15.54s  A assigned []
  15.54s  A revoked []
  16.04s  B revoked []
  16.04s  A assigned []
  16.04s  B assigned [3 4 5]
  35s     B revoked [3 4 5]
  35s     A revoked [0 1 2]

partition  longest gap, 10s before the join  longest gap, from 2s before to 15s after
  0        36ms                              40ms
  1        38ms                              42ms
  2        37ms                              36ms
  3        37ms                              517ms
  4        36ms                              524ms
  5        37ms                              520ms

partitions stopped for more than 1s                0 of 6
longest time the whole group handled nothing       34ms
records handled twice                              0
records missed between the first and last handled  0
