exp-14 — a second consumer joins, strategy: cooperative, handler: blocking
date: 2026-09-26-032315
client: franz-go v1.22.0

strategy                   cooperative: CooperativeStickyBalancer, classic protocol, only moving partitions revoked
group                      exp14-cooperative-1790382364333763000
load                       400 records/s over 6 partitions
handler                    2ms a record, rebalances blocked while a batch of up to 200 is handled
membership                 dynamic, session timeout 12s
second consumer joined at  15s

assignment changes after the first
  15.55s  A revoked []
  15.56s  B assigned []
  15.56s  A revoked [3 4 5]
  15.56s  A assigned []
  15.57s  A revoked []
  16.06s  B revoked []
  16.06s  A assigned []
  16.06s  B assigned [3 4 5]
  35s     A revoked [0 1 2]
  35s     B revoked [3 4 5]

partition  longest gap, 10s before the join  longest gap, from 2s before to 15s after
  0        70ms                              125ms
  1        57ms                              141ms
  2        49ms                              134ms
  3        54ms                              671ms
  4        62ms                              589ms
  5        55ms                              512ms

partitions stopped for more than 1s                0 of 6
longest time the whole group handled nothing       120ms
records handled twice                              0
records missed between the first and last handled  0
