exp-14 — a second consumer joins, strategy: cooperative, handler: instant
date: 2026-09-22-020510
client: franz-go v1.22.0

strategy                   cooperative: CooperativeStickyBalancer, classic protocol, only moving partitions revoked
group                      exp14-cooperative-1790031958694345000
load                       1200 records/s over 6 partitions
handler                    0s a record, franz-go's default: rebalances run beside the handler
second consumer joined at  15s

assignment changes after the first
  15.54s  A revoked []
  15.54s  A revoked [3 4 5]
  15.54s  A assigned []
  15.54s  B assigned []
  15.54s  A revoked []
  16.04s  B revoked []
  16.05s  A assigned []
  16.05s  B assigned [3 4 5]
  35s     A revoked [0 1 2]
  35s     B revoked [3 4 5]

partition  longest gap, 10s before the join  longest gap, from 2s before to 15s after
  0        34ms                              32ms
  1        37ms                              30ms
  2        37ms                              28ms
  3        43ms                              530ms
  4        36ms                              530ms
  5        45ms                              530ms

partitions stopped for more than 1s                0 of 6
longest time the whole group handled nothing       28ms
records handled twice                              0
records missed between the first and last handled  0
