exp-14 — a second consumer joins, strategy: cooperative, handler: blocking
date: 2026-09-22-021756
client: franz-go v1.22.0

strategy                   cooperative: CooperativeStickyBalancer, classic protocol, only moving partitions revoked
group                      exp14-cooperative-1790032844532753000
load                       400 records/s over 6 partitions
handler                    2ms a record, rebalances blocked while a batch of up to 200 is handled
second consumer joined at  15s

assignment changes after the first
  15.53s  A revoked []
  15.54s  B assigned []
  15.54s  A revoked [3 4 5]
  15.54s  A assigned []
  15.54s  A revoked []
  16.04s  B revoked []
  16.04s  A assigned []
  16.04s  B assigned [3 4 5]
  35.01s  B revoked [3 4 5]
  35.01s  A revoked [0 1 2]

partition  longest gap, 10s before the join  longest gap, from 2s before to 15s after
  0        41ms                              47ms
  1        50ms                              47ms
  2        41ms                              53ms
  3        67ms                              517ms
  4        48ms                              679ms
  5        38ms                              600ms

partitions stopped for more than 1s                0 of 6
longest time the whole group handled nothing       36ms
records handled twice                              0
records missed between the first and last handled  0
