exp-14 — a second consumer joins, strategy: eager, handler: blocking
date: 2026-09-22-021756
client: franz-go v1.22.0

strategy                   eager: RangeBalancer, classic protocol, every partition revoked on a rebalance
group                      exp14-eager-1790032804499874000
load                       400 records/s over 6 partitions
handler                    2ms a record, rebalances blocked while a batch of up to 200 is handled
second consumer joined at  15s

assignment changes after the first
  15.02s  A revoked [0 1 2 3 4 5]
  15.03s  A assigned [0 1 2]
  15.03s  B assigned [3 4 5]
  35s     B revoked [3 4 5]
  35s     A revoked [0 1 2]

partition  longest gap, 10s before the join  longest gap, from 2s before to 15s after
  0        61ms                              48ms
  1        43ms                              43ms
  2        35ms                              44ms
  3        48ms                              44ms
  4        52ms                              48ms
  5        51ms                              40ms

partitions stopped for more than 1s                0 of 6
longest time the whole group handled nothing       35ms
records handled twice                              0
records missed between the first and last handled  0
