exp-14 — a second consumer joins, strategy: eager, handler: instant
date: 2026-09-22-021756
client: franz-go v1.22.0

strategy                   eager: RangeBalancer, classic protocol, every partition revoked on a rebalance
group                      exp14-eager-1790032684474621000
load                       1200 records/s over 6 partitions
handler                    0s a record, franz-go's default: rebalances run beside the handler
second consumer joined at  15s

assignment changes after the first
  15.04s  A revoked [0 1 2 3 4 5]
  15.04s  A assigned [0 1 2]
  15.04s  B assigned [3 4 5]
  35s     A revoked [0 1 2]
  35s     B revoked [3 4 5]

partition  longest gap, 10s before the join  longest gap, from 2s before to 15s after
  0        30ms                              48ms
  1        29ms                              48ms
  2        31ms                              49ms
  3        30ms                              49ms
  4        29ms                              47ms
  5        32ms                              49ms

partitions stopped for more than 1s                0 of 6
longest time the whole group handled nothing       47ms
records handled twice                              0
records missed between the first and last handled  0
