exp-14 — a second consumer joins, strategy: eager, handler: blocking
date: 2026-09-26-031909
client: franz-go v1.22.0

strategy                   eager: RangeBalancer, classic protocol, every partition revoked on a rebalance
group                      exp14-eager-1790382078987103000
load                       400 records/s over 6 partitions
handler                    2ms a record, rebalances blocked while a batch of up to 200 is handled
membership                 dynamic, session timeout 12s
second consumer joined at  15s

assignment changes after the first
  15.04s  A revoked [0 1 2 3 4 5]
  15.04s  A assigned [0 1 2]
  15.04s  B assigned [3 4 5]
  35s     A revoked [0 1 2]
  35.01s  B revoked [3 4 5]

partition  longest gap, 10s before the join  longest gap, from 2s before to 15s after
  0        34ms                              54ms
  1        36ms                              47ms
  2        33ms                              52ms
  3        48ms                              52ms
  4        34ms                              49ms
  5        33ms                              54ms

partitions stopped for more than 1s                0 of 6
longest time the whole group handled nothing       41ms
records handled twice                              0
records missed between the first and last handled  0
