exp-14 — a second consumer joins, strategy: eager, handler: instant
date: 2026-09-26-032315
client: franz-go v1.22.0

strategy                   eager: RangeBalancer, classic protocol, every partition revoked on a rebalance
group                      exp14-eager-1790382203137633000
load                       1200 records/s over 6 partitions
handler                    0s a record, franz-go's default: rebalances run beside the handler
membership                 dynamic, session timeout 12s
second consumer joined at  15s

assignment changes after the first
  15.03s  A revoked [0 1 2 3 4 5]
  15.04s  A assigned [3 4 5]
  15.04s  B assigned [0 1 2]
  35s     A revoked [3 4 5]
  35.01s  B revoked [0 1 2]

partition  longest gap, 10s before the join  longest gap, from 2s before to 15s after
  0        42ms                              47ms
  1        41ms                              50ms
  2        42ms                              51ms
  3        40ms                              47ms
  4        40ms                              47ms
  5        41ms                              47ms

partitions stopped for more than 1s                0 of 6
longest time the whole group handled nothing       45ms
records handled twice                              0
records missed between the first and last handled  0
