exp-14 — a second consumer joins, strategy: eager, handler: blocking
date: 2026-09-26-032315
client: franz-go v1.22.0

strategy                   eager: RangeBalancer, classic protocol, every partition revoked on a rebalance
group                      exp14-eager-1790382323902151000
load                       400 records/s over 6 partitions
handler                    2ms a record, rebalances blocked while a batch of up to 200 is handled
membership                 dynamic, session timeout 12s
second consumer joined at  15s

assignment changes after the first
  18.03s  A revoked [0 1 2 3 4 5]
  18.04s  B assigned [0 1 2]
  18.04s  A assigned [3 4 5]
  35.01s  A revoked [3 4 5]
  35.01s  B revoked [0 1 2]

partition  longest gap, 10s before the join  longest gap, from 2s before to 15s after
  0        42ms                              45ms
  1        47ms                              48ms
  2        57ms                              37ms
  3        53ms                              50ms
  4        57ms                              38ms
  5        42ms                              46ms

partitions stopped for more than 1s                0 of 6
longest time the whole group handled nothing       33ms
records handled twice                              0
records missed between the first and last handled  0
