exp-14 — a second consumer joins, strategy: server, handler: instant
date: 2026-09-26-032315
client: franz-go v1.22.0

strategy                   server: KIP-848, the broker assigns (range assignor), incremental
group                      exp14-server-1790382283600484000
load                       1200 records/s over 6 partitions
handler                    0s a record, franz-go's default: rebalances run beside the handler
membership                 dynamic, session timeout 12s
second consumer joined at  15s

assignment changes after the first
  15.01s  B assigned []
  15.02s  A revoked []
  15.02s  A revoked [3 4 5]
  15.02s  A assigned []
  20.02s  B revoked []
  20.02s  B assigned [3 4 5]
  35s     A revoked [0 1 2]
  35s     B revoked [3 4 5]

partition  longest gap, 10s before the join  longest gap, from 2s before to 15s after
  0        39ms                              46ms
  1        40ms                              45ms
  2        37ms                              44ms
  3        41ms                              5.013s
  4        40ms                              5.012s
  5        33ms                              5.015s

partitions stopped for more than 1s                3 of 6
longest time the whole group handled nothing       43ms
records handled twice                              0
records missed between the first and last handled  0
