exp-14 — a second consumer joins, strategy: server, handler: blocking
date: 2026-09-26-032315
client: franz-go v1.22.0

strategy                   server: KIP-848, the broker assigns (range assignor), incremental
group                      exp14-server-1790382404773710000
load                       400 records/s over 6 partitions
handler                    2ms a record, rebalances blocked while a batch of up to 200 is handled
membership                 dynamic, session timeout 12s
second consumer joined at  15s

assignment changes after the first
  15.02s  B assigned []
  15.03s  A revoked []
  15.04s  A revoked [3 4 5]
  15.04s  A assigned []
  20.02s  B revoked []
  20.02s  B assigned [3 4 5]
  35.01s  B revoked [3 4 5]
  35.01s  A revoked [0 1 2]

partition  longest gap, 10s before the join  longest gap, from 2s before to 15s after
  0        49ms                              46ms
  1        60ms                              43ms
  2        54ms                              41ms
  3        77ms                              6.474s
  4        45ms                              5.759s
  5        71ms                              5.011s

partitions stopped for more than 1s                3 of 6
longest time the whole group handled nothing       33ms
records handled twice                              0
records missed between the first and last handled  0
