exp-14 — a second consumer joins, strategy: server, handler: instant
date: 2026-09-22-021756
client: franz-go v1.22.0

strategy                   server: KIP-848, the broker assigns (range assignor), incremental
group                      exp14-server-1790032764612337000
load                       1200 records/s over 6 partitions
handler                    0s a record, franz-go's default: rebalances run beside the handler
second consumer joined at  15s

assignment changes after the first
  15.01s  B assigned []
  15.02s  A revoked []
  15.02s  A revoked [3 4 5]
  15.02s  A assigned []
  20.02s  B revoked []
  20.02s  B assigned [3 4 5]
  35.01s  A revoked [0 1 2]
  35.01s  B revoked [3 4 5]

partition  longest gap, 10s before the join  longest gap, from 2s before to 15s after
  0        49ms                              43ms
  1        48ms                              39ms
  2        48ms                              43ms
  3        48ms                              5.012s
  4        48ms                              5.013s
  5        48ms                              5.015s

partitions stopped for more than 1s                3 of 6
longest time the whole group handled nothing       35ms
records handled twice                              0
records missed between the first and last handled  0
