exp-15 — raising a replication factor under load, throttled and not
date: 2026-09-26-025847
topic: 3 partitions starting at RF 2, preloaded with 60 MiB; producers write one 1 KiB record every 10 ms

note: apply elects the preferred leader on the topics it touches
go run github.com/segmentio/topicctl/cmd/topicctl@v1.23.1 apply --cluster-config deploy/topicctl/cluster.yaml --skip-confirm experiments/kafka_internals/exp-15-partition-reassignment/topics/*.yaml
{{exp15.reassign kafka-lab local lab exp-15: a topic that starts at replication factor 2 so that the experiment can raise it
to 3 while producers are writing to it. min.insync.replicas is 1 here, not the catalog's
2: with two replicas a quorum of two leaves no room for one of them to be busy catching
up, and the run would measure a refused write instead of the cost of the move.

The catalog cannot host this. A reassignment rewrites replica placement, and topicctl
declines to change a replication factor at all — this is the experiment that shows why
that is a migration rather than a line in a YAML.
 map[] []} {3 2 60 map[min.insync.replicas:1 unclean.leader.election.enable:false] {any  [] []} <nil>}}
time="2026-09-26 02:58:50" level=info msg="Processing topic exp15.reassign in config experiments/kafka_internals/exp-15-partition-reassignment/topics/exp15.reassign.yaml with cluster config deploy/topicctl/cluster.yaml"
time="2026-09-26 02:58:50" level=info msg="Starting apply for topic exp15.reassign in environment lab, cluster kafka-lab"
time="2026-09-26 02:58:50" level=info msg="Validating configs..."
time="2026-09-26 02:58:50" level=info msg="Checking if topic already exists..."
time="2026-09-26 02:58:50" level=info msg="It looks like this topic doesn't already exist. Will create it with this config:
{
  "Topic": "exp15.reassign",
  "NumPartitions": 3,
  "ReplicationFactor": 2,
  "ReplicaAssignments": null,
  "ConfigEntries": [
    {
      "ConfigName": "min.insync.replicas",
      "ConfigValue": "1"
    },
    {
      "ConfigName": "unclean.leader.election.enable",
      "ConfigValue": "false"
    },
    {
      "ConfigName": "retention.ms",
      "ConfigValue": "3600000"
    }
  ]
}"
OK to continue? (yes/no) time="2026-09-26 02:58:50" level=info msg="Automatically answering yes because skip is set to true"
time="2026-09-26 02:58:50" level=info msg="Creating new topic with config {Topic:exp15.reassign NumPartitions:3 ReplicationFactor:2 ReplicaAssignments:[] ConfigEntries:[{ConfigName:min.insync.replicas ConfigValue:1} {ConfigName:unclean.leader.election.enable ConfigValue:false} {ConfigName:retention.ms ConfigValue:3600000}]}"
time="2026-09-26 02:58:50" level=info msg="Sleeping for 2s"
time="2026-09-26 02:58:52" level=info msg="Checking partition placement..."
time="2026-09-26 02:58:52" level=info msg="Partition placement already satisfies strategy 'any'"
time="2026-09-26 02:58:52" level=info msg="Checking leaders..."
time="2026-09-26 02:58:52" level=info msg="Apply completed successfully!"
== cell A: no throttle ==
preloaded 60 MiB as 61440 records; 121.2 MiB on disk across the cluster
throttle: none
the move took 2.3s and put 66.4 MiB more on disk across the cluster

phase                    seconds        writes     median        p95      worst
before the move          0–15             1501        3ms      6.4ms     41.8ms
while replicas copied    15–19             356      1.5ms      3.4ms       36ms
after it finished        19–120          10085        3ms      6.7ms     54.3ms

note: apply elects the preferred leader on the topics it touches
go run github.com/segmentio/topicctl/cmd/topicctl@v1.23.1 apply --cluster-config deploy/topicctl/cluster.yaml --skip-confirm experiments/kafka_internals/exp-15-partition-reassignment/topics/*.yaml
{{exp15.reassign kafka-lab local lab exp-15: a topic that starts at replication factor 2 so that the experiment can raise it
to 3 while producers are writing to it. min.insync.replicas is 1 here, not the catalog's
2: with two replicas a quorum of two leaves no room for one of them to be busy catching
up, and the run would measure a refused write instead of the cost of the move.

The catalog cannot host this. A reassignment rewrites replica placement, and topicctl
declines to change a replication factor at all — this is the experiment that shows why
that is a migration rather than a line in a YAML.
 map[] []} {3 2 60 map[min.insync.replicas:1 unclean.leader.election.enable:false] {any  [] []} <nil>}}
time="2026-09-26 03:01:03" level=info msg="Processing topic exp15.reassign in config experiments/kafka_internals/exp-15-partition-reassignment/topics/exp15.reassign.yaml with cluster config deploy/topicctl/cluster.yaml"
time="2026-09-26 03:01:03" level=info msg="Starting apply for topic exp15.reassign in environment lab, cluster kafka-lab"
time="2026-09-26 03:01:03" level=info msg="Validating configs..."
time="2026-09-26 03:01:03" level=info msg="Checking if topic already exists..."
time="2026-09-26 03:01:03" level=info msg="It looks like this topic doesn't already exist. Will create it with this config:
{
  "Topic": "exp15.reassign",
  "NumPartitions": 3,
  "ReplicationFactor": 2,
  "ReplicaAssignments": null,
  "ConfigEntries": [
    {
      "ConfigName": "min.insync.replicas",
      "ConfigValue": "1"
    },
    {
      "ConfigName": "unclean.leader.election.enable",
      "ConfigValue": "false"
    },
    {
      "ConfigName": "retention.ms",
      "ConfigValue": "3600000"
    }
  ]
}"
OK to continue? (yes/no) time="2026-09-26 03:01:03" level=info msg="Automatically answering yes because skip is set to true"
time="2026-09-26 03:01:03" level=info msg="Creating new topic with config {Topic:exp15.reassign NumPartitions:3 ReplicationFactor:2 ReplicaAssignments:[] ConfigEntries:[{ConfigName:min.insync.replicas ConfigValue:1} {ConfigName:unclean.leader.election.enable ConfigValue:false} {ConfigName:retention.ms ConfigValue:3600000}]}"
time="2026-09-26 03:01:03" level=info msg="Sleeping for 2s"
time="2026-09-26 03:01:05" level=info msg="Checking partition placement..."
time="2026-09-26 03:01:05" level=info msg="Partition placement already satisfies strategy 'any'"
time="2026-09-26 03:01:05" level=info msg="Checking leaders..."
time="2026-09-26 03:01:05" level=info msg="Apply completed successfully!"
== cell B: throttled to 1024 KiB/s ==
preloaded 60 MiB as 61440 records; 121.2 MiB on disk across the cluster
throttle: 1024 KiB/s
the move took 25.4s and put 72.5 MiB more on disk across the cluster

phase                    seconds        writes     median        p95      worst
before the move          0–15             1508        3ms      6.9ms     22.6ms
while replicas copied    15–42            2632      1.6ms      3.6ms    505.7ms
after it finished        42–120           7707      2.9ms      6.7ms    502.3ms

